// Jest Snapshot v1, https://goo.gl/fbAQLP

exports[`<VMPieChart /> renders correctly 1`] = `
<div>
  <ResponsiveContainer
    debounce={0}
    height={200}
    width={200}
  >
    <PieChart
      barCategoryGap="10%"
      barGap={4}
      cx="50%"
      cy="50%"
      endAngle={360}
      innerRadius={0}
      layout="centric"
      margin={
        Object {
          "bottom": 5,
          "left": 5,
          "right": 5,
          "top": 5,
        }
      }
      outerRadius="80%"
      reverseStackOrder={false}
      stackOffset="none"
      startAngle={0}
    >
      <text
        dominantBaseline="middle"
        style={
          Object {
            "fontSize": 40,
            "fontWeight": "bold",
          }
        }
        textAnchor="middle"
        x={100}
        y={85}
      >
        6
      </text>
      <text
        dominantBaseline="middle"
        style={
          Object {
            "color": "#777777",
            "fontSize": 14,
            "fontWeight": "normal",
          }
        }
        textAnchor="middle"
        x={100}
        y={125}
      >
        foo
      </text>
      <Pie
        animationBegin={400}
        animationDuration={1500}
        animationEasing="ease"
        blendStroke={false}
        cx="50%"
        cy="50%"
        data={
          Array [
            Object {
              "name": "Deallocated",
              "value": 3,
            },
            Object {
              "name": "Running Available",
              "value": 2,
            },
            Object {
              "name": "Running Unavailable",
              "value": 1,
            },
          ]
        }
        dataKey="value"
        endAngle={360}
        fill="#808080"
        hide={false}
        innerRadius={70}
        isAnimationActive={true}
        labelLine={true}
        legendType="rect"
        minAngle={0}
        nameKey="name"
        outerRadius="80%"
        paddingAngle={0}
        startAngle={0}
        stroke="#fff"
      >
        <Cell
          fill="#bf3762"
          key="0"
        />
        <Cell
          fill="#15d157"
          key="1"
        />
        <Cell
          fill="#e2e620"
          key="2"
        />
      </Pie>
    </PieChart>
  </ResponsiveContainer>
</div>
`;
