// Jest Snapshot v1, https://goo.gl/fbAQLP

exports[`<LogDebugPanel /> renders correctly 1`] = `
<div
  style={
    Object {
      "paddingLeft": 10,
    }
  }
>
  <div
    style={
      Object {
        "fontWeight": "bold",
        "marginBottom": 10,
        "marginTop": 10,
      }
    }
  >
    title
  </div>
  <div
    style={
      Object {
        "fontSize": 13,
      }
    }
  >
    <FontAwesomeIcon
      border={false}
      className=""
      fixedWidth={false}
      flip={null}
      icon={
        Object {
          "icon": Array [
            512,
            512,
            Array [],
            "f1ce",
            "M288 39.056v16.659c0 10.804 7.281 20.159 17.686 23.066C383.204 100.434 440 171.518 440 256c0 101.689-82.295 184-184 184-101.689 0-184-82.295-184-184 0-84.47 56.786-155.564 134.312-177.219C216.719 75.874 224 66.517 224 55.712V39.064c0-15.709-14.834-27.153-30.046-23.234C86.603 43.482 7.394 141.206 8.003 257.332c.72 137.052 111.477 246.956 248.531 246.667C393.255 503.711 504 392.788 504 256c0-115.633-79.14-212.779-186.211-240.236C302.678 11.889 288 23.456 288 39.056z",
          ],
          "iconName": "circle-notch",
          "prefix": "fas",
        }
      }
      inverse={false}
      listItem={false}
      mask={null}
      pull={null}
      pulse={false}
      rotation={null}
      size={null}
      spin={true}
      style={
        Object {
          "color": "#4b3ba8",
          "fontSize": 12,
          "marginRight": 10,
        }
      }
      swapOpacity={false}
      symbol={false}
      title=""
      transform={null}
    />
    Scanning 
    sender
     logs for errors
  </div>
</div>
`;
