// Jest Snapshot v1, https://goo.gl/fbAQLP

exports[`<Admin /> renders correctly 1`] = `
<div
  style={
    Object {
      "backgroundColor": "#f3f2f5",
      "minHeight": "100vh",
    }
  }
>
  <Redirect
    to="/"
  />
</div>
`;
